// Jest Snapshot v1, https://goo.gl/fbAQLP

exports[`<Button /> should render hello world 1`] = `
<div
  className="button"
  onClick={[Function]}
>
  Hello World
</div>
`;
