// Jest Snapshot v1, https://goo.gl/fbAQLP

exports[`<Input /> should render 1`] = `
<input
  onChange={[Function]}
  placeholder="new movie"
  type="text"
  value="test"
/>
`;
