// Jest Snapshot v1, https://goo.gl/fbAQLP

exports[`Nothing is broken 1`] = `
<TodoAdder>
  <form
    onSubmit={[Function]}
  >
    <input
      onChange={[Function]}
      value=""
    />
    <button
      disabled={true}
    >
      Add
    </button>
  </form>
</TodoAdder>
`;
