// Jest Snapshot v1, https://goo.gl/fbAQLP

exports[`<Greeting /> is sane 1`] = `
<styled.h1>
  <span>
    Hello, 
    stranger
    !
  </span>
  <styled.div>
    0
  </styled.div>
</styled.h1>
`;
