// Jest Snapshot v1, https://goo.gl/fbAQLP

exports[`<TranslateAsChild/> should render 1`] = `
<Component>
  <Component
    id="fake.id"
  >
    <span>
      fake.id
    </span>
  </Component>
</Component>
`;
